// Jest Snapshot v1, https://goo.gl/fbAQLP

exports[`WuiPagination is rendered 1`] = `
<nav
  aria-label="aria-label"
  class="wuiPagination testClass1 testClass2"
  data-test-subj="test subject string"
>
  <button
    aria-label="Previous page, 1"
    class="wuiButtonIcon wuiButtonIcon--text"
    data-test-subj="pagination-button-previous"
    type="button"
  >
    <div
      aria-hidden="true"
      class="wuiButtonIcon__icon"
      data-wuiicon-type="arrowLeft"
    />
  </button>
  <ul
    aria-label="aria-label"
    class="wuiPagination__list"
  >
    <li
      class="wuiPagination__item"
    >
      <button
        aria-label="Page 1 of 1"
        class="wuiButtonEmpty wuiButtonEmpty--text wuiButtonEmpty--xSmall wuiPaginationButton wuiPaginationButton--hideOnMobile"
        data-test-subj="pagination-button-0"
        type="button"
      >
        <span
          class="wuiButtonContent wuiButtonEmpty__content"
        >
          <span
            class="wuiButtonEmpty__text"
          >
            1
          </span>
        </span>
      </button>
    </li>
  </ul>
  <button
    aria-label="Next page, 3"
    class="wuiButtonIcon wuiButtonIcon--text"
    data-test-subj="pagination-button-next"
    type="button"
  >
    <div
      aria-hidden="true"
      class="wuiButtonIcon__icon"
      data-wuiicon-type="arrowRight"
    />
  </button>
</nav>
`;
