// Jest Snapshot v1, https://goo.gl/fbAQLP

exports[`WuiSuggest is rendered 1`] = `
<div>
  <div
    class="wuiPopover wuiPopover--anchorDownLeft wuiPopover--displayBlock wuiInputPopover wuiInputPopover--fullWidth wuiSuggestInput testClass1 testClass2"
  >
    <div
      class="wuiPopover__anchor"
    >
      <div>
        <div
          class="wuiFormControlLayout wuiFormControlLayout--fullWidth"
        >
          <div
            class="wuiFormControlLayout__childrenWrapper"
          >
            <input
              aria-label="aria-label"
              class="wuiFieldText wuiFieldText--fullWidth"
              data-test-subj="test subject string"
              type="text"
              value=""
            />
          </div>
        </div>
      </div>
    </div>
  </div>
</div>
`;
