// Jest Snapshot v1, https://goo.gl/fbAQLP

exports[`WuiFilePicker is rendered 1`] = `
<div
  class="wuiFilePicker wuiFilePicker--large testClass1 testClass2"
>
  <div
    class="wuiFilePicker__wrap"
  >
    <input
      aria-describedby="htmlId"
      aria-label="aria-label"
      class="wuiFilePicker__input"
      data-test-subj="test subject string"
      type="file"
    />
    <div
      class="wuiFilePicker__prompt"
      id="htmlId"
    >
      <div
        aria-hidden="true"
        class="wuiFilePicker__icon"
        data-wuiicon-type="importAction"
      />
      <div
        class="wuiFilePicker__promptText"
      >
        Select or drag and drop a file
      </div>
    </div>
  </div>
</div>
`;
