// Jest Snapshot v1, https://goo.gl/fbAQLP

exports[`WuiDescriptionList is rendered 1`] = `
<dl
  aria-label="aria-label"
  class="wuiDescriptionList wuiDescriptionList--row testClass1 testClass2"
  data-test-subj="test subject string"
>
  Content
</dl>
`;

exports[`WuiDescriptionList props align center is rendered 1`] = `
<dl
  class="wuiDescriptionList wuiDescriptionList--row wuiDescriptionList--center"
/>
`;

exports[`WuiDescriptionList props align left is rendered 1`] = `
<dl
  class="wuiDescriptionList wuiDescriptionList--row"
/>
`;

exports[`WuiDescriptionList props compressed is rendered 1`] = `
<dl
  class="wuiDescriptionList wuiDescriptionList--row wuiDescriptionList--compressed"
/>
`;

exports[`WuiDescriptionList props listItems is rendered as strings and elements 1`] = `
<dl
  class="wuiDescriptionList wuiDescriptionList--row"
>
  <dt
    class="wuiDescriptionList__title"
  >
    Title 1
  </dt>
  <dd
    class="wuiDescriptionList__description"
  >
    Description 1
  </dd>
  <dt
    class="wuiDescriptionList__title"
  >
    <em>
      Title 2
    </em>
  </dt>
  <dd
    class="wuiDescriptionList__description"
  >
    <code>
      Description 2
    </code>
  </dd>
  <dt
    class="wuiDescriptionList__title"
  >
    Title 3
  </dt>
  <dd
    class="wuiDescriptionList__description"
  >
    Description 3
  </dd>
</dl>
`;

exports[`WuiDescriptionList props type column is rendered 1`] = `
<dl
  class="wuiDescriptionList wuiDescriptionList--column"
/>
`;

exports[`WuiDescriptionList props type inline is rendered 1`] = `
<dl
  class="wuiDescriptionList wuiDescriptionList--inline"
/>
`;

exports[`WuiDescriptionList props type responsiveColumn is rendered 1`] = `
<dl
  class="wuiDescriptionList wuiDescriptionList--responsiveColumn"
/>
`;

exports[`WuiDescriptionList props type row is rendered 1`] = `
<dl
  class="wuiDescriptionList wuiDescriptionList--row"
/>
`;
